C:\Users\tharu\Bootcamp-P3\gsk_env\Lib\site-packages\numpy\_core\_methods.py:49: RuntimeWarning: invalid value encountered in reduce
  return umr_sum(a, axis, dtype, out, keepdims, initial, where)
Dataset Shape: (1155000, 41)

Columns:
['patient_id', 'patient_id', 'age', 'age', 'gender', 'gender', 'ethnicity', 'weight_kg', 'weight_lbs', 'height_cm', 'bmi', 'blood_pressure', 'systolic_bp', 'diastolic_bp', 'heart_rate', 'temperature_f', 'hemoglobin', 'wbc_count', 'alt_enzyme', 'ast_enzyme', 'creatinine', 'egfr', 'hba1c', 'total_cholesterol', 'drug_name', 'drug_name', 'dosage', 'duration_days', 'route', 'concurrent_drugs', 'diagnosis', 'smoking_status', 'alcohol_use', 'admission_date', 'treatment_outcome', 'adverse_event', 'readmission_30d', 'notes', 'extra_col_1', 'extra_col_2', 'unnamed_0']

Duplicate header groups detected: ['patient_id', 'patient_id', 'age', 'age', 'gender', 'gender', 'drug_name', 'drug_name']

Column Types:
patient_id             int64
patient_id           float64
age                  float64
age                  float64
gender                   str
gender                   str
ethnicity                str
weight_kg            float64
weight_lbs           float64
height_cm            float64
bmi                  float64
blood_pressure           str
systolic_bp          float64
diastolic_bp         float64
heart_rate           float64
temperature_f        float64
hemoglobin           float64
wbc_count            float64
alt_enzyme           float64
ast_enzyme           float64
creatinine           float64
egfr                 float64
hba1c                float64
total_cholesterol    float64
drug_name                str
drug_name                str
dosage                   str
duration_days            str
route                    str
concurrent_drugs     float64
diagnosis                str
smoking_status           str
alcohol_use              str
admission_date           str
treatment_outcome        str
adverse_event            str
readmission_30d      float64
notes                    str
extra_col_1          float64
extra_col_2          float64
unnamed_0            float64
dtype: object

First 5 Rows:
   patient_id  patient_id    age  ...  extra_col_1 extra_col_2 unnamed_0
0      687919        93.0   48.0  ...          NaN         NaN  0.159214
1      582916       958.0   63.0  ...          NaN         NaN       NaN
2      499828       510.0  999.0  ...          NaN         NaN  0.651556
3      281644         NaN   52.0  ...          NaN         NaN  0.295824
4      736725       541.0   51.0  ...          NaN         NaN  0.163931

[5 rows x 41 columns]

Descriptive Statistics:
Numeric columns:
                       count           mean  ...            75%           max
patient_id         1155000.0  525052.016762  ...  787603.250000  1.050000e+06
patient_id         1053518.0     499.910710  ...     749.000000  9.990000e+02
age                1085064.0      58.395136  ...      67.000000  9.990974e+02
age                  52262.0      58.729517  ...      67.000000  9.990000e+02
weight_kg          1097059.0      78.834545  ...      90.200000  4.999955e+02
weight_lbs         1090848.0     173.839559  ...     199.093755  1.111127e+03
height_cm           982782.0     166.694006  ...     177.900000  2.284000e+02
bmi                1068960.0            NaN  ...      32.500672           inf
systolic_bp        1051154.0     129.505023  ...     146.000000  2.530000e+02
diastolic_bp       1096085.0      79.467682  ...      90.000000  1.570000e+02
heart_rate         1024471.0      75.722790  ...      85.000000  5.000000e+02
temperature_f      1020470.0      98.343973  ...      99.100000  1.150000e+02
hemoglobin         1045453.0      13.659897  ...      15.000000  9.906199e+01
wbc_count          1035636.0   10190.668500  ...    9205.000000  9.999990e+05
alt_enzyme         1096277.0      66.237517  ...      36.900000  9.999000e+03
ast_enzyme         1092450.0      62.667467  ...      31.300000  9.999000e+03
creatinine         1011381.0       1.554223  ...       1.450000  9.900000e+01
egfr               1027833.0      77.238714  ...      92.100000  9.990000e+02
hba1c              1092522.0       6.603831  ...       7.700000  5.000000e+01
total_cholesterol  1011006.0     203.995912  ...     231.000000  1.500000e+03
concurrent_drugs   1005960.0       3.322613  ...       4.000000  9.900000e+01
readmission_30d    1071161.0       0.150228  ...       0.000000  1.000000e+00
extra_col_1              0.0            NaN  ...            NaN           NaN
extra_col_2              0.0            NaN  ...            NaN           NaN
unnamed_0          1036320.0       0.500042  ...       0.750030  9.999997e-01

[25 rows x 8 columns]

Categorical columns (unique values):
admission_date       20456
blood_pressure       20297
drug_name              390
drug_name              390
diagnosis              179
route                  134
gender                 116
gender                 116
drug_name               74
drug_name               74
ethnicity               30
smoking_status          25
dosage                  24
gender                  23
gender                  23
duration_days           16
alcohol_use             15
treatment_outcome        9
adverse_event            7
notes                    2
dtype: int64

Missing Values:
                   missing_count  missing_percent
extra_col_2              1155000           100.00
extra_col_1              1155000           100.00
gender                   1128069            97.67
age                      1102738            95.48
notes                     998781            86.47
alcohol_use               388863            33.67
admission_date            335312            29.03
smoking_status            266399            23.06
route                     259539            22.47
gender                    255671            22.14
ethnicity                 235006            20.35
drug_name                 218280            18.90
diagnosis                 189119            16.37
drug_name                 187915            16.27
height_cm                 172218            14.91
duration_days             162672            14.08
dosage                    158427            13.72
concurrent_drugs          149040            12.90
total_cholesterol         143994            12.47
creatinine                143619            12.43
temperature_f             134530            11.65
heart_rate                130529            11.30
egfr                      127167            11.01
blood_pressure            123626            10.70
wbc_count                 119364            10.33
unnamed_0                 118680            10.28
hemoglobin                109547             9.48
systolic_bp               103846             8.99
patient_id                101482             8.79
adverse_event              90047             7.80
bmi                        86040             7.45
readmission_30d            83839             7.26
treatment_outcome          70592             6.11
age                        69936             6.06
weight_lbs                 64152             5.55
ast_enzyme                 62550             5.42
hba1c                      62478             5.41
diastolic_bp               58915             5.10
alt_enzyme                 58723             5.08
weight_kg                  57941             5.02

Duplicate Rows: 70017
Duplicate patient_id values: 204989
Invalid admission_date values: 717073

Target Distribution:
treatment_outcome
0              840304
1              240475
NaN             70592
no                622
Yes               620
Effective         608
No                608
yes               594
Ineffective       577
Name: count, dtype: int64

Target Proportions:
treatment_outcome
0              0.7275
1              0.2082
NaN            0.0611
no             0.0005
Yes            0.0005
Effective      0.0005
No             0.0005
yes            0.0005
Ineffective    0.0005
Name: proportion, dtype: float64
Saved distribution plots
Saved correlation heatmap

EDA complete. Outputs saved in: outputs
